../Core/Src/main.c:169:6:Calculo_F	104	static
../Core/Src/main.c:197:6:Calculo_Q	160	static
../Core/Src/main.c:231:6:Calculo_H	16	static
../Core/Src/main.c:236:6:Calculo_Rn	88	static
../Core/Src/main.c:256:9:Calculo_matriz_Rb	160	static
../Core/Src/main.c:352:6:Calculo_Xnn	88	static
../Core/Src/main.c:392:6:fil_kal	672	static
../Core/Src/main.c:574:6:getData	8	static
../Core/Src/main.c:597:6:buttonLoop	8	static
../Core/Src/main.c:624:5:main	312	static
../Core/Src/main.c:862:6:SystemClock_Config	88	static
../Core/Src/main.c:909:13:MX_I2C1_Init	8	static
../Core/Src/main.c:943:13:MX_USART2_UART_Init	8	static
../Core/Src/main.c:976:13:MX_GPIO_Init	48	static
../Core/Src/main.c:1012:6:Error_Handler	4	static,ignoring_inline_asm
