../Core/Src/main.c:169:6:Calculo_F	104	static
../Core/Src/main.c:197:6:Calculo_Q	160	static
../Core/Src/main.c:231:6:Calculo_H	16	static
../Core/Src/main.c:236:6:Calculo_Rn	88	static
../Core/Src/main.c:256:6:Calculo_matriz_Rb	144	static
../Core/Src/main.c:331:6:Calculo_Xnn	88	static
../Core/Src/main.c:371:6:fil_kal	632	static
../Core/Src/main.c:531:6:getData	8	static
../Core/Src/main.c:554:6:buttonLoop	8	static
../Core/Src/main.c:581:5:main	312	static
../Core/Src/main.c:819:6:SystemClock_Config	88	static
../Core/Src/main.c:866:13:MX_I2C1_Init	8	static
../Core/Src/main.c:900:13:MX_USART2_UART_Init	8	static
../Core/Src/main.c:933:13:MX_GPIO_Init	48	static
../Core/Src/main.c:969:6:Error_Handler	4	static,ignoring_inline_asm
